// Jest Snapshot v1, https://goo.gl/fbAQLP

exports[`Delta encoder tests compress should compress string 1`] = `
"0 myxa
3 ophyta
5 od
0 nab
3 bed
4 ing
3 it
3 k
3 ob
2 carat
3 elle
"
`;

exports[`Delta encoder tests decompress should decompress string 1`] = `
"myxa
myxophyta
myxopod
nab
nabbed
nabbing
nabit
nabk
nabob
nacarat
nacelle
"
`;
